C51 COMPILER V6.11.4C,  MAIN                      06/03/109  10:47:05  PAGE  1

QCW(0x00002D1A)

WIN32 C51 COMPILER V6.11.4C, COMPILATION OF MODULE MAIN      
OBJECT MODULE PLACED IN f:\spi\spi\spi_1byte_transfer_slave_master\spi_master_8b
            -itlcd\main.obj
COMPILER INVOKED BY: C51.EXE F:\SPI\SPI\SPI_1BYTE_TRANSFER_SLAVE_MASTER\SPI_MAST
            -ER_8BITLCD\MAIN.C OBJECT(F:\SPI\SPI\SPI_1BYTE_TRANSFER_SLAVE_MASTER
            -\SPI_MASTER_8BITLCD\MAIN.OBJ) PIN(C:\FSI\INC) NOAM PR(F:\SPI\SPI\SP
            -I_1BYTE_TRANSFER_SLAVE_MASTER\SPI_MASTER_8BITLCD\MAIN.LST) CD SB OE
            -(1) SM FP(NOFLOAT) PW(80) 

stmt level    source
   1          //Programmer:	Sajjad Hussain, JE.
   2          #include "at89c51rc2.h"
   3          #define Putc LcdWriteChar
   4          sbit RS = P1^1; 
   5          sbit RW = P1^2;
   6          sbit EN = P1^3;
   7          sbit BS = P0^7;
   8          
   9          unsigned char Key,RecChar,i,g,status;
  10          bit isInit=0;
  11          char serial_data;
  12          unsigned char data_example='A';
  13          char data_save;
  14          bit spi_intr = 0;
  15          
  16          //Function Prototypes
  17          void LcdInit();
  18          void DelayUs();
  19          //void LcdBusy(void);
  20          void LcdClear(void);
  21          void LcdWriteCmd(unsigned char c);
  22          void LcdWriteChar(unsigned char var);
  23          void LcdWriteStr(char *var);
  24          void LcdGotoXY(unsigned char r,unsigned char c);
  25          void SendChar(unsigned char c);
  26          void SendStr(char *s);
  27          
  28          void main()
  29          {
  30   1      	EX0 = 1;
  31   1      	IT0=1;
  32   1         SPCON = 0x10;                /* Master mode */
  33   1      	//SPCON |= 0x82;                /* Fclk Periph/128 */
  34   1      	SPR0=0;SPR1=0;SPR2=0;
  35   1      	SPCON |= 0x20;                /* P1.1 is available as standard I/
            -O pin */
  36   1      	SPCON &= ~0x08;               /* CPOL=0; transmit mode example */
            -
  37   1      	SPCON |= 0x04;                /* CPHA=1; transmit mode example */
            -
  38   1      	IEN1 |= 0x04;                 /* enable spi interrupt */
  39   1      	SPCON |= 0x40;                /* run spi */
  40   1      	EA=1;                         /* enable interrupts */
  41   1      
  42   1      	LcdInit();
  43   1      	LcdGotoXY(1,4);
  44   1      	LcdWriteStr("SPI Master");
  45   1      	LcdGotoXY(2,2);
  46   1      	LcdWriteStr("Single Byte Test");	
  47   1      	isInit = 1;
  48   1      	while(1)
  49   1      	{
  50   2      		if(spi_intr)
  51   2      		{
  52   3      		 	spi_intr = 0;
  53   3      	 		LcdClear();
  54   3      			switch(status)
  55   3      			{
  56   4      			case 0x80:
  57   4      		      serial_data=SPDAT;
  58   4         	      Putc(serial_data);
  59   4       				break;
  60   4      			case 0x10:
  61   4            	   Putc('F');
  62   4      				break;
  63   4      			case 0x40:
  64   4            	   Putc('O');
  65   4      				break;
  66   4      			}//switch
  67   3      		}//spi_intr
  68   2      	}//while
  69   1      }//main
  70          
  71          void it_SPI(void) interrupt 9 /* interrupt address is 0x004B */
  72          {
  73   1      
  74   1      	status = SPSTA;
  75   1      	spi_intr = 1;
  76   1      }
  77          
  78          void KeyInt() interrupt 0 
  79          {  
  80   1      	if(isInit)
  81   1      	{
  82   2      		Key = P2&0x1F;
  83   2      		switch(Key)
  84   2      		{
  85   3      		case 0:
  86   3      		   SPDAT=data_example;        /* send an example data */
  87   3      		   //while(!transmit_completed);/* wait end of transmition */
  88   3      		   //transmit_completed = 0;    /* clear software transfert flag
            - */
  89   3      
  90   3      		   //SPDAT=0x00;                /* data is send to generate SCK 
            -signal */
  91   3      		   //while(!transmit_completed);/* wait end of transmition */
  92   3      		   //transmit_completed = 0;    /* clear software transfert flag
            - */
  93   3      		   
  94   3      		   //data_save = serial_data;   /* save receive data */
  95   3      		   
  96   3      			break;
  97   3      		case 1:
  98   3      			data_example++;
  99   3      			break;
 100   3      		case 2:
 101   3      			LcdClear();
 102   3      			data_example='A';
 103   3      			break;
 104   3      		case 3:
 105   3      			break;
 106   3      		case 4:
 107   3      			break;
 108   3      		default:
 109   3      			break;
 110   3      		}
 111   2      	}//if Init
 112   1      }
 113          
 114          void Serial() interrupt 4
 115          {
 116   1      	if (RI)
 117   1      	{
 118   2      		RI = 0;
 119   2          	RecChar = SBUF;
 120   2      	}
 121   1      }
 122          void LcdInit()
 123          {
 124   1         LcdWriteCmd(0x38);	//Function Set 0x38
 125   1         LcdWriteCmd(0x38);	//Function Set
 126   1         LcdWriteCmd(0x38);	//Function Set
 127   1      	LcdWriteCmd(0x06);	//Entry Mode Set 0x06
 128   1         LcdWriteCmd(0x0C);	//Display On  Off Control 0x0C
 129   1      }
 130          
 131          //Function Definitions
 132          void DelayUs(void)
 133          {
 134   1      	//TL1 = 0x48;TH1 = 0xFF;//100 usec at 22.1184MHz
 135   1      	//TL1 = 0xA4;TH1 = 0xFF;//50 usec at 22.1184MHz
 136   1      	//TL1 = 0xD2;TH1 = 0xFF;//25 usec at 22.1184MHz
 137   1      	//TL1 = 0xF7;TH1 = 0xFF;//5 usec at 22.1184MHz
 138   1      	TL1 = 0xEE;TH1 = 0xFF;//10 usec at 22.1184MHz
 139   1      	TR1  = 1;
 140   1      	while(!TF1);
 141   1      	TR1  = 0;
 142   1      	TF1  = 0;
 143   1      }
 144          /*
 145          void LcdReset()
 146          {
 147          	P0 = 0xFF;
 148          	for(g=0;g<100;g++)
 149          		DelayUs();
 150          	P0 = 0x03+EN;
 151          	P0 = 0x03;
 152          	for(g=0;g<50;g++)
 153          		DelayUs();
 154          	P0 = 0x03+EN;
 155          	P0 = 0x03;
 156          	for(g=0;g<5;g++)
 157          		DelayUs();
 158          	P0 = 0x03+EN;
 159          	P0 = 0x03;
 160          	for(g=0;g<5;g++)
 161          		DelayUs();
 162          	P0 = 0x02+EN;
 163          	P0 = 0x02;
 164          	for(g=0;g<5;g++)
 165          		DelayUs();
 166          }
 167           
 168          void LcdWriteCmd(unsigned char cmd)
 169          { 
 170          	P0 = ((cmd >> 4) & 0x0F)+EN;
 171          	P0 = ((cmd >> 4) & 0x0F);
 172          
 173          	P0 = (cmd & 0x0F)+EN;
 174          	P0 = (cmd & 0x0F);
 175          
 176          	for(g=0;g<2;g++)
 177          		DelayUs();
 178          }
 179          
 180          void LcdWriteChar (unsigned char dat)
 181          { 
 182          	P0 = (((dat >> 4) & 0x0F)+EN+RS);
 183          	P0 = (((dat >> 4) & 0x0F)+RS);
 184          	
 185          	P0 = ((dat & 0x0F)+EN+RS);
 186          	P0 = ((dat & 0x0F)+RS);
 187          
 188          	for(g=0;g<2;g++)
 189          		DelayUs();
 190          }
 191          */
 192           //8bit Interface
 193          void LcdBusy()
 194          {
 195   1      	BS   = 1;			//Make D7th bit of LCD as i/p
 196   1         EN   = 1;         //Make port pin as o/p
 197   1         RS   = 0;         //Selected command register
 198   1         RW   = 1;         //We are reading
 199   1         while(BS)
 200   1         {   					//read busy flag again and again till it becomes 0 Ena
            -ble H->L
 201   2         	EN   = 0;
 202   2            EN   = 1;
 203   2         }
 204   1      }
 205          void LcdWriteCmd(unsigned char var)
 206          {
 207   1      	P0 = var;      	//Commands to be Written
 208   1         RS   = 0;        	//Selected command register
 209   1         RW   = 0;        	//We are writing in instruction register
 210   1         EN   = 1;        	//Enable H->L
 211   1         EN   = 0;
 212   1         LcdBusy();      //Wait for LCD to process the command
 213   1      }
 214          void LcdWriteChar(unsigned char var)
 215          {
 216   1      	P0 = var;      	//Data/Character to be Written
 217   1         RS   = 1;         //Selected data register
 218   1         RW   = 0;         //We are writing
 219   1         EN   = 1;         //Enable H->L
 220   1         EN   = 0;
 221   1         LcdBusy();      //Wait for LCD to process the command
 222   1      }
 223          
 224          void LcdWriteStr(char *var)
 225          {
 226   1      	while(*var)       //till string ends send characters one by one
 227   1         	LcdWriteChar(*var++);
 228   1      }
 229          
 230          void LcdGotoXY(unsigned char row, unsigned char col)
 231          {
 232   1      	//LcdWriteCmd(0x80 | (row << 6) | col);
 233   1      	switch (row)
 234   1      	{
 235   2      		case 1: LcdWriteCmd(0x80 + col - 1); break;
 236   2      		case 2: LcdWriteCmd(0xc0 + col - 1); break;
 237   2      		case 3: LcdWriteCmd(0x94 + col - 1); break;
 238   2      		case 4: LcdWriteCmd(0xd4 + col - 1); break;
 239   2      		default: break;
 240   2      	}
 241   1      }
 242          void LcdClear()
 243          {
 244   1       unsigned char h;
 245   1       LcdWriteCmd(0x01);
 246   1       for(h=0;h<100;h++)
 247   1      		DelayUs();
 248   1      }
 249          void SendChar(unsigned char c)
 250          {
 251   1      
 252   1      	TI=1;
 253   1      	while (!TI);	TI=0;	SBUF = c;
 254   1      	while (!TI);	TI=0;
 255   1      }
 256          void SendStr(char *s)
 257          {
 258   1      	while (*s)
 259   1      	{
 260   2      		SendChar(*s);
 261   2      		s++;
 262   2      	}
 263   1      }
 264          
 265          
 266          
 267          
 268          
 269          
 270          
 271          
 272          
 273          
 274          
 275          
 276          
 277          
 278          
 279          
 280          
 281          
 282          
 283          
 284          
 285          
 286          
 287          
 288          
 289          
 290          
 291          
 292          
 293          
 294          
 295          
 296          
 297          
 298          
 299          
 300          
 301          
 302          
 303          
 304          
 305          
 306          
 307          
 308          
 309          
 310          
 311          
 312          
 313          
 314          
 315          
 316          
 317          
 318          
 319          
 320          
 321          
 322          
 323          
 324          
 325          
 326          
 327          
 328          
 329          
 330          
 331          
 332          
 333          
 334          
 335          
 336          
 337          
 338          
 339          
 340          
 341          
 342          
 343          
 344          
 345          
 346          
 347          
 348          
 349          
 350          
 351          
 352          
 353          
 354          
 355          
 356          
 357          
 358          
 359          
 360          
 361          
 362          
 363          
 364          
 365          
 366          
 367          
 368          
 369          
 370          
 371          
 372          
 373          
 374          
 375          
 376          
 377          
 378          
 379          
 380          
 381          
 382          
 383          
 384          
 385          
 386          
 387          
 388          
 389          
 390          
 391          
 392          
 393          
 394          
 395          
 396          
 397          
 398          
 399          
 400          
 401          
 402          
 403          
 404          
 405          
 406          
 407          
 408          
 409          
 410          
 411          
 412          
 413          
 414          
 415          
 416          
 417          
 418          
 419          
 420          
 421          
 422          
 423          
 424          
 425          
 426          
 427          
 428          
 429          
 430          
 431          
 432          
 433          
 434          
 435          
 436          
 437          
 438          
 439          
 440          
 441          
 442          
 443          
 444          
 445          
 446          
 447          
 448          
 449          
 450          
 451          
 452          
 453          
 454          
 455          
 456          
 457          
 458          
 459          
 460          
 461          
 462          
 463          
 464          
 465          
 466          
 467          
 468          
 469          
 470          
 471          
 472          
 473          
 474          
 475          
 476          
 477          
 478          
 479          
 480          
 481          
 482          
 483          
 484          
 485          
 486          
 487          
 488          
C51 COMPILER V6.11.4C,  MAIN                      06/03/109  10:47:06  PAGE  2

ASSEMBLY LISTING OF GENERATED OBJECT CODE

            ; FUNCTION main (BEGIN)
                                           ; SOURCE LINE # 30 
0000 D2A8           SETB   EX0
                                           ; SOURCE LINE # 31 
0002 D288           SETB   IT0
                                           ; SOURCE LINE # 32 
0004 75C310         MOV    SPCON,#010H
                                           ; SOURCE LINE # 34 
0007 C2C3           CLR    SPR0
0009 C2C4           CLR    SPR1
000B C2CA           CLR    SPR2
                                           ; SOURCE LINE # 35 
000D 43C320         ORL    SPCON,#020H
0010 85C3C3         MOV    SPCON,SPCON
                                           ; SOURCE LINE # 36 
0013 53C3F7         ANL    SPCON,#0F7H
0016 85C3C3         MOV    SPCON,SPCON
                                           ; SOURCE LINE # 37 
0019 43C304         ORL    SPCON,#004H
001C 85C3C3         MOV    SPCON,SPCON
                                           ; SOURCE LINE # 38 
001F 43B104         ORL    IEN1,#004H
0022 85B1B1         MOV    IEN1,IEN1
                                           ; SOURCE LINE # 39 
0025 43C340         ORL    SPCON,#040H
0028 85C3C3         MOV    SPCON,SPCON
                                           ; SOURCE LINE # 40 
002B D2AF           SETB   EA
                                           ; SOURCE LINE # 42 
002D 120000  R      LCALL  LcdInit
                                           ; SOURCE LINE # 43 
0030 7F01           MOV    R7,#001H
0032 7D04           MOV    R5,#004H
0034 120000  R      LCALL  _LcdGotoXY
                                           ; SOURCE LINE # 44 
0037 7B05           MOV    R3,#005H
0039 7A00    R      MOV    R2,#000H
003B 7900    R      MOV    R1,#000H
003D 120000  R      LCALL  _LcdWriteStr
                                           ; SOURCE LINE # 45 
0040 7F02           MOV    R7,#002H
0042 7D02           MOV    R5,#002H
0044 120000  R      LCALL  _LcdGotoXY
                                           ; SOURCE LINE # 46 
0047 7B05           MOV    R3,#005H
0049 7A00    R      MOV    R2,#000H
004B 7900    R      MOV    R1,#000H
004D 120000  R      LCALL  _LcdWriteStr
                                           ; SOURCE LINE # 47 
0050 D200    R      SETB   isInit
0052         ?WHILE1:
                                           ; SOURCE LINE # 50 
0052 3000FD  R      JNB    spi_intr,?WHILE1
                                           ; SOURCE LINE # 52 
0055 C200    R      CLR    spi_intr
                                           ; SOURCE LINE # 53 
0057 120000  R      LCALL  LcdClear
                                           ; SOURCE LINE # 54 
005A E500    R      MOV    A,status
005C 24F0           ADD    A,#0F0H
005E 6014           JZ     ?CASE3
0060 24D0           ADD    A,#0D0H
0062 6017           JZ     ?CASE4
0064 24C0           ADD    A,#0C0H
0066 6002           JZ     ?CASE5
0068 80E8           SJMP   ?WHILE1
006A         ?CASE5:
                                           ; SOURCE LINE # 57 
006A 85C500  R      MOV    serial_data,SPDAT
                                           ; SOURCE LINE # 58 
006D AF00    R      MOV    R7,serial_data
006F 120000  R      LCALL  _LcdWriteChar
                                           ; SOURCE LINE # 59 
0072 80DE           SJMP   ?WHILE1
0074         ?CASE3:
                                           ; SOURCE LINE # 61 
0074 7F46           MOV    R7,#046H
0076 120000  R      LCALL  _LcdWriteChar
                                           ; SOURCE LINE # 62 
0079 80D7           SJMP   ?WHILE1
007B         ?CASE4:
                                           ; SOURCE LINE # 64 
007B 7F4F           MOV    R7,#04FH
007D 120000  R      LCALL  _LcdWriteChar
                                           ; SOURCE LINE # 65 
0080 80D0           SJMP   ?WHILE1

            ; FUNCTION main (END)

            ; FUNCTION it_SPI (BEGIN)
                                           ; SOURCE LINE # 75 
0000 C0D0           PUSH   PSW
                                           ; SOURCE LINE # 74 
0002 85C400  R      MOV    status,SPSTA
                                           ; SOURCE LINE # 75 
0005 D200    R      SETB   spi_intr
0007 D0D0           POP    PSW
0009 32             RETI   

            ; FUNCTION it_SPI (END)

            ; FUNCTION KeyInt (BEGIN)
                                           ; SOURCE LINE # 109 
0000 C0E0           PUSH   ACC
0002 C0F0           PUSH   B
0004 C083           PUSH   DPH
0006 C082           PUSH   DPL
0008 C0D0           PUSH   PSW
000A C000           PUSH   AR0
000C C001           PUSH   AR1
000E C002           PUSH   AR2
0010 C003           PUSH   AR3
0012 C004           PUSH   AR4
0014 C005           PUSH   AR5
0016 C006           PUSH   AR6
0018 EF             MOV    A,R7
0019 C007           PUSH   AR7
                                           ; SOURCE LINE # 80 
001B 300027  R      JNB    isInit,?NXT13
                                           ; SOURCE LINE # 82 
001E E5A0           MOV    A,P2
0020 541F           ANL    A,#01FH
0022 F500    R      MOV    Key,A
                                           ; SOURCE LINE # 83 
0024 E500    R      MOV    A,Key
0026 600E           JZ     ?CASE11
0028 14             DEC    A
0029 6010           JZ     ?CASE12
002B 14             DEC    A
002C 6011           JZ     ?CASE13
002E 14             DEC    A
002F 6014           JZ     ?NXT12
0031 14             DEC    A
0032 6011           JZ     ?NXT12
0034 800F           SJMP   ?NXT12
0036         ?CASE11:
                                           ; SOURCE LINE # 86 
0036 8500C5  R      MOV    SPDAT,data_example
                                           ; SOURCE LINE # 96 
0039 800A           SJMP   ?NXT13
003B         ?CASE12:
                                           ; SOURCE LINE # 98 
003B 0500    R      INC    data_example
                                           ; SOURCE LINE # 99 
003D 8006           SJMP   ?NXT13
003F         ?CASE13:
                                           ; SOURCE LINE # 101 
003F 120000  R      LCALL  LcdClear
                                           ; SOURCE LINE # 102 
0042 750041  R      MOV    data_example,#041H
0045         ?NXT12:

0045         ?NXT13:
                                           ; SOURCE LINE # 109 
0045 D007           POP    AR7
0047 D006           POP    AR6
0049 D005           POP    AR5
004B D004           POP    AR4
004D D003           POP    AR3
004F D002           POP    AR2
0051 D001           POP    AR1
0053 D000           POP    AR0
0055 D0D0           POP    PSW
0057 D082           POP    DPL
0059 D083           POP    DPH
005B D0F0           POP    B
005D D0E0           POP    ACC
005F 32             RETI   

            ; FUNCTION KeyInt (END)

            ; FUNCTION Serial (BEGIN)
                                           ; SOURCE LINE # 119 
0000 C0D0           PUSH   PSW
                                           ; SOURCE LINE # 116 
0002 309805         JNB    RI,?NXT17
                                           ; SOURCE LINE # 118 
0005 C298           CLR    RI
                                           ; SOURCE LINE # 119 
0007 859900  R      MOV    RecChar,SBUF
000A         ?NXT17:
000A D0D0           POP    PSW
000C 32             RETI   

            ; FUNCTION Serial (END)

            ; FUNCTION LcdInit (BEGIN)
                                           ; SOURCE LINE # 124 
0000 7F38           MOV    R7,#038H
0002 120000  R      LCALL  _LcdWriteCmd
                                           ; SOURCE LINE # 125 
0005 7F38           MOV    R7,#038H
0007 120000  R      LCALL  _LcdWriteCmd
                                           ; SOURCE LINE # 126 
000A 7F38           MOV    R7,#038H
000C 120000  R      LCALL  _LcdWriteCmd
                                           ; SOURCE LINE # 127 
000F 7F06           MOV    R7,#006H
0011 120000  R      LCALL  _LcdWriteCmd
                                           ; SOURCE LINE # 128 
0014 7F0C           MOV    R7,#00CH
0016 120000  R      LCALL  _LcdWriteCmd
0019 22             RET    

            ; FUNCTION LcdInit (END)

            ; FUNCTION DelayUs (BEGIN)
                                           ; SOURCE LINE # 138 
0000 758BEE         MOV    TL1,#0EEH
0003 758DFF         MOV    TH1,#0FFH
                                           ; SOURCE LINE # 139 
0006 D28E           SETB   TR1
0008         ?WHILE3:
                                           ; SOURCE LINE # 140 
0008 308FFD         JNB    TF1,?WHILE3
                                           ; SOURCE LINE # 141 
000B C28E           CLR    TR1
                                           ; SOURCE LINE # 142 
000D C28F           CLR    TF1
000F 22             RET    

            ; FUNCTION DelayUs (END)

            ; FUNCTION LcdBusy (BEGIN)
                                           ; SOURCE LINE # 195 
0000 D287           SETB   BS
                                           ; SOURCE LINE # 196 
0002 D293           SETB   EN
                                           ; SOURCE LINE # 197 
0004 C291           CLR    RS
                                           ; SOURCE LINE # 198 
0006 D292           SETB   RW
0008         ?WHILE5:
                                           ; SOURCE LINE # 199 
0008 308706         JNB    BS,?NXT21
                                           ; SOURCE LINE # 201 
000B C293           CLR    EN
                                           ; SOURCE LINE # 202 
000D D293           SETB   EN
000F 80F7           SJMP   ?WHILE5
0011         ?NXT21:
0011 22             RET    

            ; FUNCTION LcdBusy (END)

            ; FUNCTION _LcdWriteCmd (BEGIN)
              ; Register R7 is assigned to parameter var
                                           ; SOURCE LINE # 207 
0000 8F80           MOV    P0,R7
                                           ; SOURCE LINE # 208 
0002 C291           CLR    RS
                                           ; SOURCE LINE # 209 
0004 C292           CLR    RW
                                           ; SOURCE LINE # 210 
0006 D293           SETB   EN
                                           ; SOURCE LINE # 211 
0008 C293           CLR    EN
                                           ; SOURCE LINE # 212 
000A 120000  R      LCALL  LcdBusy
000D 22             RET    

            ; FUNCTION _LcdWriteCmd (END)

            ; FUNCTION _LcdWriteChar (BEGIN)
              ; Register R7 is assigned to parameter var
                                           ; SOURCE LINE # 216 
0000 8F80           MOV    P0,R7
                                           ; SOURCE LINE # 217 
0002 D291           SETB   RS
                                           ; SOURCE LINE # 218 
0004 C292           CLR    RW
                                           ; SOURCE LINE # 219 
0006 D293           SETB   EN
                                           ; SOURCE LINE # 220 
0008 C293           CLR    EN
                                           ; SOURCE LINE # 221 
000A 120000  R      LCALL  LcdBusy
000D 22             RET    

            ; FUNCTION _LcdWriteChar (END)

            ; FUNCTION _LcdWriteStr (BEGIN)
              ; Register R0R4R5 is assigned to parameter var
                                           ; SOURCE LINE # 227 
0000 EB             MOV    A,R3
0001 FD             MOV    R5,A
0002 EA             MOV    A,R2
0003 FC             MOV    R4,A
0004 E9             MOV    A,R1
0005 F8             MOV    R0,A
0006         ?WHILE7:
                                           ; SOURCE LINE # 226 
0006 ED             MOV    A,R5
0007 FB             MOV    R3,A
0008 EC             MOV    A,R4
0009 FA             MOV    R2,A
000A E8             MOV    A,R0
000B F9             MOV    R1,A
000C 120000  R      LCALL  IPGN1?C
000F 6015           JZ     ?NXT23
                                           ; SOURCE LINE # 227 
0011 ED             MOV    A,R5
0012 FB             MOV    R3,A
0013 EC             MOV    A,R4
0014 FA             MOV    R2,A
0015 E8             MOV    A,R0
0016 F9             MOV    R1,A
0017 08             INC    R0
0018 E8             MOV    A,R0
0019 7002           JNZ    ?LAB24
001B 0C             INC    R4
001C EC             MOV    A,R4
001D         ?LAB24:
001D 120000  R      LCALL  IPGN1?C
0020 FF             MOV    R7,A
0021 120000  R      LCALL  _LcdWriteChar
0024 80E0           SJMP   ?WHILE7
0026         ?NXT23:
0026 22             RET    

            ; FUNCTION _LcdWriteStr (END)

            ; FUNCTION _LcdGotoXY (BEGIN)
              ; Register R7 is assigned to parameter row
              ; Register R5 is assigned to parameter col
                                           ; SOURCE LINE # 233 
0000 EF             MOV    A,R7
0001 14             DEC    A
0002 600A           JZ     ?CASE20
0004 14             DEC    A
0005 600F           JZ     ?CASE21
0007 14             DEC    A
0008 6014           JZ     ?CASE22
000A 14             DEC    A
000B 6019           JZ     ?CASE23
000D 22             RET    
000E         ?CASE20:
                                           ; SOURCE LINE # 235 
000E ED             MOV    A,R5
000F 247F           ADD    A,#07FH
0011 FF             MOV    R7,A
0012 120000  R      LCALL  _LcdWriteCmd
0015 22             RET    
0016         ?CASE21:
                                           ; SOURCE LINE # 236 
0016 ED             MOV    A,R5
0017 24BF           ADD    A,#0BFH
0019 FF             MOV    R7,A
001A 120000  R      LCALL  _LcdWriteCmd
001D 22             RET    
001E         ?CASE22:
                                           ; SOURCE LINE # 237 
001E ED             MOV    A,R5
001F 2493           ADD    A,#093H
0021 FF             MOV    R7,A
0022 120000  R      LCALL  _LcdWriteCmd
0025 22             RET    
0026         ?CASE23:
                                           ; SOURCE LINE # 238 
0026 ED             MOV    A,R5
0027 24D3           ADD    A,#0D3H
0029 FF             MOV    R7,A
002A 120000  R      LCALL  _LcdWriteCmd
                                           ; SOURCE LINE # 239 
002D 22             RET    

            ; FUNCTION _LcdGotoXY (END)

            ; FUNCTION LcdClear (BEGIN)
                                           ; SOURCE LINE # 245 
0000 7F01           MOV    R7,#001H
0002 120000  R      LCALL  _LcdWriteCmd
              ; R7 is assigned to h
                                           ; SOURCE LINE # 246 
0005 1F             DEC    R7
0006         ?FOR1:
                                           ; SOURCE LINE # 247 
0006 120000  R      LCALL  DelayUs
                                           ; SOURCE LINE # 246 
0009 0F             INC    R7
000A BF64F9         CJNE   R7,#064H,?FOR1
000D 22             RET    

            ; FUNCTION LcdClear (END)

            ; FUNCTION _SendChar (BEGIN)
              ; Register R7 is assigned to parameter c
                                           ; SOURCE LINE # 252 
0000 D299           SETB   TI
0002         ?WHILE10:
                                           ; SOURCE LINE # 253 
0002 3099FD         JNB    TI,?WHILE10
0005 C299           CLR    TI
0007 8F99           MOV    SBUF,R7
0009         ?WHILE11:
                                           ; SOURCE LINE # 254 
0009 3099FD         JNB    TI,?WHILE11
000C C299           CLR    TI
000E 22             RET    

            ; FUNCTION _SendChar (END)

            ; FUNCTION _SendStr (BEGIN)
              ; Register R0R4R5 is assigned to parameter s
                                           ; SOURCE LINE # 261 
0000 EB             MOV    A,R3
0001 FD             MOV    R5,A
0002 EA             MOV    A,R2
0003 FC             MOV    R4,A
0004 E9             MOV    A,R1
0005 F8             MOV    R0,A
0006         ?WHILE13:
                                           ; SOURCE LINE # 258 
0006 ED             MOV    A,R5
0007 FB             MOV    R3,A
0008 EC             MOV    A,R4
0009 FA             MOV    R2,A
000A E8             MOV    A,R0
000B F9             MOV    R1,A
000C 120000  R      LCALL  IPGN1?C
000F 6014           JZ     ?NXT35
                                           ; SOURCE LINE # 260 
0011 ED             MOV    A,R5
0012 FB             MOV    R3,A
0013 EC             MOV    A,R4
0014 FA             MOV    R2,A
0015 E8             MOV    A,R0
0016 F9             MOV    R1,A
0017 120000  R      LCALL  IPGN1?C
001A FF             MOV    R7,A
001B 120000  R      LCALL  _SendChar
                                           ; SOURCE LINE # 261 
001E 08             INC    R0
001F E8             MOV    A,R0
0020 70E4           JNZ    ?WHILE13
0022 0C             INC    R4
0023 80E1           SJMP   ?WHILE13
0025         ?NXT35:
0025 22             RET    

            ; FUNCTION _SendStr (END)

C51 COMPILER V6.11.4C,  MAIN                      06/03/109  10:47:06  PAGE  3

NAME                                    CLASS   MSPACE  TYPE    OFFSET  SIZE
====                                    =====   ======  ====    ======  ====

Key. . . . . . . . . . . . . . . . . .  PUBLIC  DATA    BASE    0000H   1    
RecChar. . . . . . . . . . . . . . . .  PUBLIC  DATA    BASE    0001H   1    
i. . . . . . . . . . . . . . . . . . .  PUBLIC  DATA    BASE    0002H   1    
g. . . . . . . . . . . . . . . . . . .  PUBLIC  DATA    BASE    0003H   1    
status . . . . . . . . . . . . . . . .  PUBLIC  DATA    BASE    0004H   1    
isInit . . . . . . . . . . . . . . . .  PUBLIC  DATA    BIT     0000H   1    
serial_data. . . . . . . . . . . . . .  PUBLIC  DATA    CHAR    0005H   1    
data_example . . . . . . . . . . . . .  PUBLIC  DATA    BASE    0006H   1    
data_save. . . . . . . . . . . . . . .  PUBLIC  DATA    CHAR    0007H   1    
spi_intr . . . . . . . . . . . . . . .  PUBLIC  DATA    BIT     0001H   1    
main . . . . . . . . . . . . . . . . .  PUBLIC  CODE    PROC    -----   -----
it_SPI . . . . . . . . . . . . . . . .  PUBLIC  CODE    PROC    -----   -----
KeyInt . . . . . . . . . . . . . . . .  PUBLIC  CODE    PROC    -----   -----
Serial . . . . . . . . . . . . . . . .  PUBLIC  CODE    PROC    -----   -----
LcdInit. . . . . . . . . . . . . . . .  PUBLIC  CODE    PROC    -----   -----
DelayUs. . . . . . . . . . . . . . . .  PUBLIC  CODE    PROC    -----   -----
LcdBusy. . . . . . . . . . . . . . . .  PUBLIC  CODE    PROC    -----   -----
LcdWriteCmd. . . . . . . . . . . . . .  PUBLIC  CODE    PROC    -----   -----
  var?050. . . . . . . . . . . . . . .  PARAM   DATA    BASE    0000H   1    
  var?050. . . . . . . . . . . . . . .  PARAM   DATA    BASE    0000H   1    
LcdWriteChar . . . . . . . . . . . . .  PUBLIC  CODE    PROC    -----   -----
  var?051. . . . . . . . . . . . . . .  PARAM   DATA    BASE    0000H   1    
  var?051. . . . . . . . . . . . . . .  PARAM   DATA    BASE    0000H   1    
LcdWriteStr. . . . . . . . . . . . . .  PUBLIC  CODE    PROC    -----   -----
  var?052. . . . . . . . . . . . . . .  PARAM   DATA    PTR     0000H   3    
  var?052. . . . . . . . . . . . . . .  PARAM   DATA    PTR     0000H   3    
LcdGotoXY. . . . . . . . . . . . . . .  PUBLIC  CODE    PROC    -----   -----
  row?053. . . . . . . . . . . . . . .  PARAM   DATA    BASE    0000H   1    
  col?054. . . . . . . . . . . . . . .  PARAM   DATA    BASE    0001H   1    
  row?053. . . . . . . . . . . . . . .  PARAM   DATA    BASE    0000H   1    
  col?054. . . . . . . . . . . . . . .  PARAM   DATA    BASE    0001H   1    
LcdClear . . . . . . . . . . . . . . .  PUBLIC  CODE    PROC    -----   -----
h?055. . . . . . . . . . . . . . . . .  PUBLIC  DATA    BASE    0000H   1    
SendChar . . . . . . . . . . . . . . .  PUBLIC  CODE    PROC    -----   -----
  c?056. . . . . . . . . . . . . . . .  PARAM   DATA    BASE    0000H   1    
  c?056. . . . . . . . . . . . . . . .  PARAM   DATA    BASE    0000H   1    
SendStr. . . . . . . . . . . . . . . .  PUBLIC  CODE    PROC    -----   -----
  s?057. . . . . . . . . . . . . . . .  PARAM   DATA    PTR     0000H   3    
  s?057. . . . . . . . . . . . . . . .  PARAM   DATA    PTR     0000H   3    
C51 COMPILER V6.11.4C,  MAIN                      06/03/109  10:47:06  PAGE  4



MODULE INFORMATION:   STATIC OVERLAYABLE
   CODE SIZE        =    489    ----
   CONSTANT SIZE    =   ----    ----
   XDATA SIZE       =   ----    ----
   PDATA SIZE       =   ----    ----
   DATA SIZE        =      8       1
   IDATA SIZE       =   ----    ----
   BIT SIZE         =      2    ----
END OF MODULE INFORMATION.

C51 COMPILATION COMPLETE.  0 WARNING,  0 ERROR
